00:00 +0: loading /Users/linhpham/Documents/project-flutter/ai_video_flutter/test/widget_test.dart
00:00 +0: Video AI app renders successfully
══╡ EXCEPTION CAUGHT BY WIDGETS LIBRARY ╞═══════════════════════════════════════════════════════════
The following message was thrown building MyApp(dirty):
Please wrap your app with "TranslationProvider".

The relevant error-causing widget was:
  MyApp
  MyApp:file:///Users/linhpham/Documents/project-flutter/ai_video_flutter/test/widget_test.dart:14:35

When the exception was thrown, this was the stack:
#0      InheritedLocaleData.of (package:slang_flutter/slang_flutter.dart:184:7)
#1      TranslationProvider.of (package:ai_video_flutter/i18n/strings.g.dart:272:102)
#2      MyApp.build (package:ai_video_flutter/main.dart:25:35)
#3      StatelessElement.build (package:flutter/src/widgets/framework.dart:5889:49)
#4      ComponentElement.performRebuild (package:flutter/src/widgets/framework.dart:5817:15)
#5      Element.rebuild (package:flutter/src/widgets/framework.dart:5529:7)
#6      ComponentElement._firstBuild (package:flutter/src/widgets/framework.dart:5799:5)
#7      ComponentElement.mount (package:flutter/src/widgets/framework.dart:5793:5)
#8      Element.inflateWidget (package:flutter/src/widgets/framework.dart:4587:20)
#9      Element.updateChild (package:flutter/src/widgets/framework.dart:4053:20)
#10     ComponentElement.performRebuild (package:flutter/src/widgets/framework.dart:5841:16)
#11     Element.rebuild (package:flutter/src/widgets/framework.dart:5529:7)
#12     ProxyElement.update (package:flutter/src/widgets/framework.dart:6149:5)
#13     _InheritedNotifierElement.update (package:flutter/src/widgets/inherited_notifier.dart:108:11)
#14     Element.updateChild (package:flutter/src/widgets/framework.dart:4037:15)
#15     ComponentElement.performRebuild (package:flutter/src/widgets/framework.dart:5841:16)
#16     StatefulElement.performRebuild (package:flutter/src/widgets/framework.dart:5982:11)
#17     Element.rebuild (package:flutter/src/widgets/framework.dart:5529:7)
#18     StatefulElement.update (package:flutter/src/widgets/framework.dart:6007:5)
#19     Element.updateChild (package:flutter/src/widgets/framework.dart:4037:15)
#20     ComponentElement.performRebuild (package:flutter/src/widgets/framework.dart:5841:16)
#21     Element.rebuild (package:flutter/src/widgets/framework.dart:5529:7)
#22     ProxyElement.update (package:flutter/src/widgets/framework.dart:6149:5)
#23     _InheritedNotifierElement.update (package:flutter/src/widgets/inherited_notifier.dart:108:11)
#24     Element.updateChild (package:flutter/src/widgets/framework.dart:4037:15)
#25     ComponentElement.performRebuild (package:flutter/src/widgets/framework.dart:5841:16)
#26     StatefulElement.performRebuild (package:flutter/src/widgets/framework.dart:5982:11)
#27     Element.rebuild (package:flutter/src/widgets/framework.dart:5529:7)
#28     StatefulElement.update (package:flutter/src/widgets/framework.dart:6007:5)
#29     Element.updateChild (package:flutter/src/widgets/framework.dart:4037:15)
#30     ComponentElement.performRebuild (package:flutter/src/widgets/framework.dart:5841:16)
#31     StatefulElement.performRebuild (package:flutter/src/widgets/framework.dart:5982:11)
#32     Element.rebuild (package:flutter/src/widgets/framework.dart:5529:7)
#33     StatefulElement.update (package:flutter/src/widgets/framework.dart:6007:5)
#34     Element.updateChild (package:flutter/src/widgets/framework.dart:4037:15)
#35     ComponentElement.performRebuild (package:flutter/src/widgets/framework.dart:5841:16)
#36     Element.rebuild (package:flutter/src/widgets/framework.dart:5529:7)
#37     ProxyElement.update (package:flutter/src/widgets/framework.dart:6149:5)
#38     Element.updateChild (package:flutter/src/widgets/framework.dart:4037:15)
#39     ComponentElement.performRebuild (package:flutter/src/widgets/framework.dart:5841:16)
#40     StatefulElement.performRebuild (package:flutter/src/widgets/framework.dart:5982:11)
#41     Element.rebuild (package:flutter/src/widgets/framework.dart:5529:7)
#42     StatefulElement.update (package:flutter/src/widgets/framework.dart:6007:5)
#43     Element.updateChild (package:flutter/src/widgets/framework.dart:4037:15)
#44     ComponentElement.performRebuild (package:flutter/src/widgets/framework.dart:5841:16)
#45     Element.rebuild (package:flutter/src/widgets/framework.dart:5529:7)
#46     ProxyElement.update (package:flutter/src/widgets/framework.dart:6149:5)
#47     Element.updateChild (package:flutter/src/widgets/framework.dart:4037:15)
#48     ComponentElement.performRebuild (package:flutter/src/widgets/framework.dart:5841:16)
#49     Element.rebuild (package:flutter/src/widgets/framework.dart:5529:7)
#50     ProxyElement.update (package:flutter/src/widgets/framework.dart:6149:5)
#51     Element.updateChild (package:flutter/src/widgets/framework.dart:4037:15)
#52     _RawViewElement._updateChild (package:flutter/src/widgets/view.dart:481:16)
#53     _RawViewElement.update (package:flutter/src/widgets/view.dart:568:5)
#54     Element.updateChild (package:flutter/src/widgets/framework.dart:4037:15)
#55     ComponentElement.performRebuild (package:flutter/src/widgets/framework.dart:5841:16)
#56     Element.rebuild (package:flutter/src/widgets/framework.dart:5529:7)
#57     StatelessElement.update (package:flutter/src/widgets/framework.dart:5895:5)
#58     Element.updateChild (package:flutter/src/widgets/framework.dart:4037:15)
#59     ComponentElement.performRebuild (package:flutter/src/widgets/framework.dart:5841:16)
#60     StatefulElement.performRebuild (package:flutter/src/widgets/framework.dart:5982:11)
#61     Element.rebuild (package:flutter/src/widgets/framework.dart:5529:7)
#62     StatefulElement.update (package:flutter/src/widgets/framework.dart:6007:5)
#63     Element.updateChild (package:flutter/src/widgets/framework.dart:4037:15)
#64     RootElement._rebuild (package:flutter/src/widgets/binding.dart:1822:16)
#65     RootElement.update (package:flutter/src/widgets/binding.dart:1800:5)
#66     RootElement.performRebuild (package:flutter/src/widgets/binding.dart:1814:7)
#67     Element.rebuild (package:flutter/src/widgets/framework.dart:5529:7)
#68     BuildScope._tryRebuild (package:flutter/src/widgets/framework.dart:2750:15)
#69     BuildScope._flushDirtyElements (package:flutter/src/widgets/framework.dart:2807:11)
#70     BuildOwner.buildScope (package:flutter/src/widgets/framework.dart:3111:18)
#71     AutomatedTestWidgetsFlutterBinding.drawFrame (package:flutter_test/src/binding.dart:2131:19)
#72     RendererBinding._handlePersistentFrameCallback (package:flutter/src/rendering/binding.dart:495:5)
#73     SchedulerBinding._invokeFrameCallback (package:flutter/src/scheduler/binding.dart:1430:15)
#74     SchedulerBinding.handleDrawFrame (package:flutter/src/scheduler/binding.dart:1345:9)
#75     AutomatedTestWidgetsFlutterBinding.pump.<anonymous closure> (package:flutter_test/src/binding.dart:1960:9)
#78     TestAsyncUtils.guard (package:flutter_test/src/test_async_utils.dart:74:41)
#79     AutomatedTestWidgetsFlutterBinding.pump (package:flutter_test/src/binding.dart:1949:27)
#80     WidgetTester.pumpWidget.<anonymous closure> (package:flutter_test/src/widget_tester.dart:598:22)
#83     TestAsyncUtils.guard (package:flutter_test/src/test_async_utils.dart:74:41)
#84     WidgetTester.pumpWidget (package:flutter_test/src/widget_tester.dart:595:27)
#85     main.<anonymous closure> (file:///Users/linhpham/Documents/project-flutter/ai_video_flutter/test/widget_test.dart:14:18)
#86     testWidgets.<anonymous closure>.<anonymous closure> (package:flutter_test/src/widget_tester.dart:192:29)
<asynchronous suspension>
#87     TestWidgetsFlutterBinding._runTestBody (package:flutter_test/src/binding.dart:1682:5)
<asynchronous suspension>
<asynchronous suspension>
(elided 5 frames from dart:async and package:stack_trace)

════════════════════════════════════════════════════════════════════════════════════════════════════
══╡ EXCEPTION CAUGHT BY FLUTTER TEST FRAMEWORK ╞════════════════════════════════════════════════════
The following TestFailure was thrown running a test:
Expected: exactly one matching candidate
  Actual: _TextWidgetFinder:<Found 0 widgets with text "Video AI": []>
   Which: means none were found but one was expected

When the exception was thrown, this was the stack:
#4      main.<anonymous closure> (file:///Users/linhpham/Documents/project-flutter/ai_video_flutter/test/widget_test.dart:21:5)
<asynchronous suspension>
#5      testWidgets.<anonymous closure>.<anonymous closure> (package:flutter_test/src/widget_tester.dart:192:15)
<asynchronous suspension>
#6      TestWidgetsFlutterBinding._runTestBody (package:flutter_test/src/binding.dart:1682:5)
<asynchronous suspension>
<asynchronous suspension>
(elided one frame from package:stack_trace)

This was caught by the test expectation on the following line:
  file:///Users/linhpham/Documents/project-flutter/ai_video_flutter/test/widget_test.dart line 21
The test description was:
  Video AI app renders successfully
════════════════════════════════════════════════════════════════════════════════════════════════════
══╡ EXCEPTION CAUGHT BY FLUTTER TEST FRAMEWORK ╞════════════════════════════════════════════════════
The following message was thrown:
Multiple exceptions (2) were detected during the running of the current test, and at least one was
unexpected.
════════════════════════════════════════════════════════════════════════════════════════════════════
00:00 +0 -1: Video AI app renders successfully [E]
  Test failed. See exception logs above.
  The test description was: Video AI app renders successfully
  
00:00 +0 -1: Some tests failed.
